// Jest Snapshot v1, https://goo.gl/fbAQLP

exports[`My Connected React-Redux Component should render with given state from Redux store 1`] = `
<div
  className="App"
>
  <div
    className="grid"
  >
    <div
      className="row"
    >
      <div
        className="cell"
      >
        <img
          alt="pic"
          className="minesweeperimg"
          onClick={[Function]}
          onContextMenu={[Function]}
          onMouseDown={[Function]}
          src="board_blank_unclicked.png"
        />
      </div>
      <div
        className="cell"
      >
        <img
          alt="pic"
          className="minesweeperimg"
          onClick={[Function]}
          onContextMenu={[Function]}
          onMouseDown={[Function]}
          src="board_blank_unclicked.png"
        />
      </div>
      <div
        className="cell"
      >
        <img
          alt="pic"
          className="minesweeperimg"
          onClick={[Function]}
          onContextMenu={[Function]}
          onMouseDown={[Function]}
          src="board_blank_unclicked.png"
        />
      </div>
      <div
        className="cell"
      >
        <img
          alt="pic"
          className="minesweeperimg"
          onClick={[Function]}
          onContextMenu={[Function]}
          onMouseDown={[Function]}
          src="board_blank_unclicked.png"
        />
      </div>
      <div
        className="cell"
      >
        <img
          alt="pic"
          className="minesweeperimg"
          onClick={[Function]}
          onContextMenu={[Function]}
          onMouseDown={[Function]}
          src="board_blank_unclicked.png"
        />
      </div>
      <div
        className="cell"
      >
        <img
          alt="pic"
          className="minesweeperimg"
          onClick={[Function]}
          onContextMenu={[Function]}
          onMouseDown={[Function]}
          src="board_blank_unclicked.png"
        />
      </div>
      <div
        className="cell"
      >
        <img
          alt="pic"
          className="minesweeperimg"
          onClick={[Function]}
          onContextMenu={[Function]}
          onMouseDown={[Function]}
          src="board_blank_unclicked.png"
        />
      </div>
      <div
        className="cell"
      >
        <img
          alt="pic"
          className="minesweeperimg"
          onClick={[Function]}
          onContextMenu={[Function]}
          onMouseDown={[Function]}
          src="board_blank_unclicked.png"
        />
      </div>
      <div
        className="cell"
      >
        <img
          alt="pic"
          className="minesweeperimg"
          onClick={[Function]}
          onContextMenu={[Function]}
          onMouseDown={[Function]}
          src="board_blank_unclicked.png"
        />
      </div>
      <div
        className="cell"
      >
        <img
          alt="pic"
          className="minesweeperimg"
          onClick={[Function]}
          onContextMenu={[Function]}
          onMouseDown={[Function]}
          src="board_blank_unclicked.png"
        />
      </div>
    </div>
    <div
      className="row"
    >
      <div
        className="cell"
      >
        <img
          alt="pic"
          className="minesweeperimg"
          onClick={[Function]}
          onContextMenu={[Function]}
          onMouseDown={[Function]}
          src="board_blank_unclicked.png"
        />
      </div>
      <div
        className="cell"
      >
        <img
          alt="pic"
          className="minesweeperimg"
          onClick={[Function]}
          onContextMenu={[Function]}
          onMouseDown={[Function]}
          src="board_blank_unclicked.png"
        />
      </div>
      <div
        className="cell"
      >
        <img
          alt="pic"
          className="minesweeperimg"
          onClick={[Function]}
          onContextMenu={[Function]}
          onMouseDown={[Function]}
          src="board_blank_unclicked.png"
        />
      </div>
      <div
        className="cell"
      >
        <img
          alt="pic"
          className="minesweeperimg"
          onClick={[Function]}
          onContextMenu={[Function]}
          onMouseDown={[Function]}
          src="board_blank_unclicked.png"
        />
      </div>
      <div
        className="cell"
      >
        <img
          alt="pic"
          className="minesweeperimg"
          onClick={[Function]}
          onContextMenu={[Function]}
          onMouseDown={[Function]}
          src="board_blank_unclicked.png"
        />
      </div>
      <div
        className="cell"
      >
        <img
          alt="pic"
          className="minesweeperimg"
          onClick={[Function]}
          onContextMenu={[Function]}
          onMouseDown={[Function]}
          src="board_blank_unclicked.png"
        />
      </div>
      <div
        className="cell"
      >
        <img
          alt="pic"
          className="minesweeperimg"
          onClick={[Function]}
          onContextMenu={[Function]}
          onMouseDown={[Function]}
          src="board_blank_unclicked.png"
        />
      </div>
      <div
        className="cell"
      >
        <img
          alt="pic"
          className="minesweeperimg"
          onClick={[Function]}
          onContextMenu={[Function]}
          onMouseDown={[Function]}
          src="board_blank_unclicked.png"
        />
      </div>
      <div
        className="cell"
      >
        <img
          alt="pic"
          className="minesweeperimg"
          onClick={[Function]}
          onContextMenu={[Function]}
          onMouseDown={[Function]}
          src="board_blank_unclicked.png"
        />
      </div>
      <div
        className="cell"
      >
        <img
          alt="pic"
          className="minesweeperimg"
          onClick={[Function]}
          onContextMenu={[Function]}
          onMouseDown={[Function]}
          src="board_blank_unclicked.png"
        />
      </div>
    </div>
    <div
      className="row"
    >
      <div
        className="cell"
      >
        <img
          alt="pic"
          className="minesweeperimg"
          onClick={[Function]}
          onContextMenu={[Function]}
          onMouseDown={[Function]}
          src="board_blank_unclicked.png"
        />
      </div>
      <div
        className="cell"
      >
        <img
          alt="pic"
          className="minesweeperimg"
          onClick={[Function]}
          onContextMenu={[Function]}
          onMouseDown={[Function]}
          src="board_blank_unclicked.png"
        />
      </div>
      <div
        className="cell"
      >
        <img
          alt="pic"
          className="minesweeperimg"
          onClick={[Function]}
          onContextMenu={[Function]}
          onMouseDown={[Function]}
          src="board_blank_unclicked.png"
        />
      </div>
      <div
        className="cell"
      >
        <img
          alt="pic"
          className="minesweeperimg"
          onClick={[Function]}
          onContextMenu={[Function]}
          onMouseDown={[Function]}
          src="board_blank_unclicked.png"
        />
      </div>
      <div
        className="cell"
      >
        <img
          alt="pic"
          className="minesweeperimg"
          onClick={[Function]}
          onContextMenu={[Function]}
          onMouseDown={[Function]}
          src="board_blank_unclicked.png"
        />
      </div>
      <div
        className="cell"
      >
        <img
          alt="pic"
          className="minesweeperimg"
          onClick={[Function]}
          onContextMenu={[Function]}
          onMouseDown={[Function]}
          src="board_blank_unclicked.png"
        />
      </div>
      <div
        className="cell"
      >
        <img
          alt="pic"
          className="minesweeperimg"
          onClick={[Function]}
          onContextMenu={[Function]}
          onMouseDown={[Function]}
          src="board_blank_unclicked.png"
        />
      </div>
      <div
        className="cell"
      >
        <img
          alt="pic"
          className="minesweeperimg"
          onClick={[Function]}
          onContextMenu={[Function]}
          onMouseDown={[Function]}
          src="board_blank_unclicked.png"
        />
      </div>
      <div
        className="cell"
      >
        <img
          alt="pic"
          className="minesweeperimg"
          onClick={[Function]}
          onContextMenu={[Function]}
          onMouseDown={[Function]}
          src="board_blank_unclicked.png"
        />
      </div>
      <div
        className="cell"
      >
        <img
          alt="pic"
          className="minesweeperimg"
          onClick={[Function]}
          onContextMenu={[Function]}
          onMouseDown={[Function]}
          src="board_blank_unclicked.png"
        />
      </div>
    </div>
    <div
      className="row"
    >
      <div
        className="cell"
      >
        <img
          alt="pic"
          className="minesweeperimg"
          onClick={[Function]}
          onContextMenu={[Function]}
          onMouseDown={[Function]}
          src="board_blank_unclicked.png"
        />
      </div>
      <div
        className="cell"
      >
        <img
          alt="pic"
          className="minesweeperimg"
          onClick={[Function]}
          onContextMenu={[Function]}
          onMouseDown={[Function]}
          src="board_blank_unclicked.png"
        />
      </div>
      <div
        className="cell"
      >
        <img
          alt="pic"
          className="minesweeperimg"
          onClick={[Function]}
          onContextMenu={[Function]}
          onMouseDown={[Function]}
          src="board_blank_unclicked.png"
        />
      </div>
      <div
        className="cell"
      >
        <img
          alt="pic"
          className="minesweeperimg"
          onClick={[Function]}
          onContextMenu={[Function]}
          onMouseDown={[Function]}
          src="board_blank_unclicked.png"
        />
      </div>
      <div
        className="cell"
      >
        <img
          alt="pic"
          className="minesweeperimg"
          onClick={[Function]}
          onContextMenu={[Function]}
          onMouseDown={[Function]}
          src="board_blank_unclicked.png"
        />
      </div>
      <div
        className="cell"
      >
        <img
          alt="pic"
          className="minesweeperimg"
          onClick={[Function]}
          onContextMenu={[Function]}
          onMouseDown={[Function]}
          src="board_blank_unclicked.png"
        />
      </div>
      <div
        className="cell"
      >
        <img
          alt="pic"
          className="minesweeperimg"
          onClick={[Function]}
          onContextMenu={[Function]}
          onMouseDown={[Function]}
          src="board_blank_unclicked.png"
        />
      </div>
      <div
        className="cell"
      >
        <img
          alt="pic"
          className="minesweeperimg"
          onClick={[Function]}
          onContextMenu={[Function]}
          onMouseDown={[Function]}
          src="board_blank_unclicked.png"
        />
      </div>
      <div
        className="cell"
      >
        <img
          alt="pic"
          className="minesweeperimg"
          onClick={[Function]}
          onContextMenu={[Function]}
          onMouseDown={[Function]}
          src="board_blank_unclicked.png"
        />
      </div>
      <div
        className="cell"
      >
        <img
          alt="pic"
          className="minesweeperimg"
          onClick={[Function]}
          onContextMenu={[Function]}
          onMouseDown={[Function]}
          src="board_blank_unclicked.png"
        />
      </div>
    </div>
    <div
      className="row"
    >
      <div
        className="cell"
      >
        <img
          alt="pic"
          className="minesweeperimg"
          onClick={[Function]}
          onContextMenu={[Function]}
          onMouseDown={[Function]}
          src="board_blank_unclicked.png"
        />
      </div>
      <div
        className="cell"
      >
        <img
          alt="pic"
          className="minesweeperimg"
          onClick={[Function]}
          onContextMenu={[Function]}
          onMouseDown={[Function]}
          src="board_blank_unclicked.png"
        />
      </div>
      <div
        className="cell"
      >
        <img
          alt="pic"
          className="minesweeperimg"
          onClick={[Function]}
          onContextMenu={[Function]}
          onMouseDown={[Function]}
          src="board_blank_unclicked.png"
        />
      </div>
      <div
        className="cell"
      >
        <img
          alt="pic"
          className="minesweeperimg"
          onClick={[Function]}
          onContextMenu={[Function]}
          onMouseDown={[Function]}
          src="board_blank_unclicked.png"
        />
      </div>
      <div
        className="cell"
      >
        <img
          alt="pic"
          className="minesweeperimg"
          onClick={[Function]}
          onContextMenu={[Function]}
          onMouseDown={[Function]}
          src="board_blank_unclicked.png"
        />
      </div>
      <div
        className="cell"
      >
        <img
          alt="pic"
          className="minesweeperimg"
          onClick={[Function]}
          onContextMenu={[Function]}
          onMouseDown={[Function]}
          src="board_blank_unclicked.png"
        />
      </div>
      <div
        className="cell"
      >
        <img
          alt="pic"
          className="minesweeperimg"
          onClick={[Function]}
          onContextMenu={[Function]}
          onMouseDown={[Function]}
          src="board_blank_unclicked.png"
        />
      </div>
      <div
        className="cell"
      >
        <img
          alt="pic"
          className="minesweeperimg"
          onClick={[Function]}
          onContextMenu={[Function]}
          onMouseDown={[Function]}
          src="board_blank_unclicked.png"
        />
      </div>
      <div
        className="cell"
      >
        <img
          alt="pic"
          className="minesweeperimg"
          onClick={[Function]}
          onContextMenu={[Function]}
          onMouseDown={[Function]}
          src="board_blank_unclicked.png"
        />
      </div>
      <div
        className="cell"
      >
        <img
          alt="pic"
          className="minesweeperimg"
          onClick={[Function]}
          onContextMenu={[Function]}
          onMouseDown={[Function]}
          src="board_blank_unclicked.png"
        />
      </div>
    </div>
    <div
      className="row"
    >
      <div
        className="cell"
      >
        <img
          alt="pic"
          className="minesweeperimg"
          onClick={[Function]}
          onContextMenu={[Function]}
          onMouseDown={[Function]}
          src="board_blank_unclicked.png"
        />
      </div>
      <div
        className="cell"
      >
        <img
          alt="pic"
          className="minesweeperimg"
          onClick={[Function]}
          onContextMenu={[Function]}
          onMouseDown={[Function]}
          src="board_blank_unclicked.png"
        />
      </div>
      <div
        className="cell"
      >
        <img
          alt="pic"
          className="minesweeperimg"
          onClick={[Function]}
          onContextMenu={[Function]}
          onMouseDown={[Function]}
          src="board_blank_unclicked.png"
        />
      </div>
      <div
        className="cell"
      >
        <img
          alt="pic"
          className="minesweeperimg"
          onClick={[Function]}
          onContextMenu={[Function]}
          onMouseDown={[Function]}
          src="board_blank_unclicked.png"
        />
      </div>
      <div
        className="cell"
      >
        <img
          alt="pic"
          className="minesweeperimg"
          onClick={[Function]}
          onContextMenu={[Function]}
          onMouseDown={[Function]}
          src="board_blank_unclicked.png"
        />
      </div>
      <div
        className="cell"
      >
        <img
          alt="pic"
          className="minesweeperimg"
          onClick={[Function]}
          onContextMenu={[Function]}
          onMouseDown={[Function]}
          src="board_blank_unclicked.png"
        />
      </div>
      <div
        className="cell"
      >
        <img
          alt="pic"
          className="minesweeperimg"
          onClick={[Function]}
          onContextMenu={[Function]}
          onMouseDown={[Function]}
          src="board_blank_unclicked.png"
        />
      </div>
      <div
        className="cell"
      >
        <img
          alt="pic"
          className="minesweeperimg"
          onClick={[Function]}
          onContextMenu={[Function]}
          onMouseDown={[Function]}
          src="board_blank_unclicked.png"
        />
      </div>
      <div
        className="cell"
      >
        <img
          alt="pic"
          className="minesweeperimg"
          onClick={[Function]}
          onContextMenu={[Function]}
          onMouseDown={[Function]}
          src="board_blank_unclicked.png"
        />
      </div>
      <div
        className="cell"
      >
        <img
          alt="pic"
          className="minesweeperimg"
          onClick={[Function]}
          onContextMenu={[Function]}
          onMouseDown={[Function]}
          src="board_blank_unclicked.png"
        />
      </div>
    </div>
    <div
      className="row"
    >
      <div
        className="cell"
      >
        <img
          alt="pic"
          className="minesweeperimg"
          onClick={[Function]}
          onContextMenu={[Function]}
          onMouseDown={[Function]}
          src="board_blank_unclicked.png"
        />
      </div>
      <div
        className="cell"
      >
        <img
          alt="pic"
          className="minesweeperimg"
          onClick={[Function]}
          onContextMenu={[Function]}
          onMouseDown={[Function]}
          src="board_blank_unclicked.png"
        />
      </div>
      <div
        className="cell"
      >
        <img
          alt="pic"
          className="minesweeperimg"
          onClick={[Function]}
          onContextMenu={[Function]}
          onMouseDown={[Function]}
          src="board_blank_unclicked.png"
        />
      </div>
      <div
        className="cell"
      >
        <img
          alt="pic"
          className="minesweeperimg"
          onClick={[Function]}
          onContextMenu={[Function]}
          onMouseDown={[Function]}
          src="board_blank_unclicked.png"
        />
      </div>
      <div
        className="cell"
      >
        <img
          alt="pic"
          className="minesweeperimg"
          onClick={[Function]}
          onContextMenu={[Function]}
          onMouseDown={[Function]}
          src="board_blank_unclicked.png"
        />
      </div>
      <div
        className="cell"
      >
        <img
          alt="pic"
          className="minesweeperimg"
          onClick={[Function]}
          onContextMenu={[Function]}
          onMouseDown={[Function]}
          src="board_blank_unclicked.png"
        />
      </div>
      <div
        className="cell"
      >
        <img
          alt="pic"
          className="minesweeperimg"
          onClick={[Function]}
          onContextMenu={[Function]}
          onMouseDown={[Function]}
          src="board_blank_unclicked.png"
        />
      </div>
      <div
        className="cell"
      >
        <img
          alt="pic"
          className="minesweeperimg"
          onClick={[Function]}
          onContextMenu={[Function]}
          onMouseDown={[Function]}
          src="board_blank_unclicked.png"
        />
      </div>
      <div
        className="cell"
      >
        <img
          alt="pic"
          className="minesweeperimg"
          onClick={[Function]}
          onContextMenu={[Function]}
          onMouseDown={[Function]}
          src="board_blank_unclicked.png"
        />
      </div>
      <div
        className="cell"
      >
        <img
          alt="pic"
          className="minesweeperimg"
          onClick={[Function]}
          onContextMenu={[Function]}
          onMouseDown={[Function]}
          src="board_blank_unclicked.png"
        />
      </div>
    </div>
    <div
      className="row"
    >
      <div
        className="cell"
      >
        <img
          alt="pic"
          className="minesweeperimg"
          onClick={[Function]}
          onContextMenu={[Function]}
          onMouseDown={[Function]}
          src="board_blank_unclicked.png"
        />
      </div>
      <div
        className="cell"
      >
        <img
          alt="pic"
          className="minesweeperimg"
          onClick={[Function]}
          onContextMenu={[Function]}
          onMouseDown={[Function]}
          src="board_blank_unclicked.png"
        />
      </div>
      <div
        className="cell"
      >
        <img
          alt="pic"
          className="minesweeperimg"
          onClick={[Function]}
          onContextMenu={[Function]}
          onMouseDown={[Function]}
          src="board_blank_unclicked.png"
        />
      </div>
      <div
        className="cell"
      >
        <img
          alt="pic"
          className="minesweeperimg"
          onClick={[Function]}
          onContextMenu={[Function]}
          onMouseDown={[Function]}
          src="board_blank_unclicked.png"
        />
      </div>
      <div
        className="cell"
      >
        <img
          alt="pic"
          className="minesweeperimg"
          onClick={[Function]}
          onContextMenu={[Function]}
          onMouseDown={[Function]}
          src="board_blank_unclicked.png"
        />
      </div>
      <div
        className="cell"
      >
        <img
          alt="pic"
          className="minesweeperimg"
          onClick={[Function]}
          onContextMenu={[Function]}
          onMouseDown={[Function]}
          src="board_blank_unclicked.png"
        />
      </div>
      <div
        className="cell"
      >
        <img
          alt="pic"
          className="minesweeperimg"
          onClick={[Function]}
          onContextMenu={[Function]}
          onMouseDown={[Function]}
          src="board_blank_unclicked.png"
        />
      </div>
      <div
        className="cell"
      >
        <img
          alt="pic"
          className="minesweeperimg"
          onClick={[Function]}
          onContextMenu={[Function]}
          onMouseDown={[Function]}
          src="board_blank_unclicked.png"
        />
      </div>
      <div
        className="cell"
      >
        <img
          alt="pic"
          className="minesweeperimg"
          onClick={[Function]}
          onContextMenu={[Function]}
          onMouseDown={[Function]}
          src="board_blank_unclicked.png"
        />
      </div>
      <div
        className="cell"
      >
        <img
          alt="pic"
          className="minesweeperimg"
          onClick={[Function]}
          onContextMenu={[Function]}
          onMouseDown={[Function]}
          src="board_blank_unclicked.png"
        />
      </div>
    </div>
    <div
      className="row"
    >
      <div
        className="cell"
      >
        <img
          alt="pic"
          className="minesweeperimg"
          onClick={[Function]}
          onContextMenu={[Function]}
          onMouseDown={[Function]}
          src="board_blank_unclicked.png"
        />
      </div>
      <div
        className="cell"
      >
        <img
          alt="pic"
          className="minesweeperimg"
          onClick={[Function]}
          onContextMenu={[Function]}
          onMouseDown={[Function]}
          src="board_blank_unclicked.png"
        />
      </div>
      <div
        className="cell"
      >
        <img
          alt="pic"
          className="minesweeperimg"
          onClick={[Function]}
          onContextMenu={[Function]}
          onMouseDown={[Function]}
          src="board_blank_unclicked.png"
        />
      </div>
      <div
        className="cell"
      >
        <img
          alt="pic"
          className="minesweeperimg"
          onClick={[Function]}
          onContextMenu={[Function]}
          onMouseDown={[Function]}
          src="board_blank_unclicked.png"
        />
      </div>
      <div
        className="cell"
      >
        <img
          alt="pic"
          className="minesweeperimg"
          onClick={[Function]}
          onContextMenu={[Function]}
          onMouseDown={[Function]}
          src="board_blank_unclicked.png"
        />
      </div>
      <div
        className="cell"
      >
        <img
          alt="pic"
          className="minesweeperimg"
          onClick={[Function]}
          onContextMenu={[Function]}
          onMouseDown={[Function]}
          src="board_blank_unclicked.png"
        />
      </div>
      <div
        className="cell"
      >
        <img
          alt="pic"
          className="minesweeperimg"
          onClick={[Function]}
          onContextMenu={[Function]}
          onMouseDown={[Function]}
          src="board_blank_unclicked.png"
        />
      </div>
      <div
        className="cell"
      >
        <img
          alt="pic"
          className="minesweeperimg"
          onClick={[Function]}
          onContextMenu={[Function]}
          onMouseDown={[Function]}
          src="board_blank_unclicked.png"
        />
      </div>
      <div
        className="cell"
      >
        <img
          alt="pic"
          className="minesweeperimg"
          onClick={[Function]}
          onContextMenu={[Function]}
          onMouseDown={[Function]}
          src="board_blank_unclicked.png"
        />
      </div>
      <div
        className="cell"
      >
        <img
          alt="pic"
          className="minesweeperimg"
          onClick={[Function]}
          onContextMenu={[Function]}
          onMouseDown={[Function]}
          src="board_blank_unclicked.png"
        />
      </div>
    </div>
    <div
      className="row"
    >
      <div
        className="cell"
      >
        <img
          alt="pic"
          className="minesweeperimg"
          onClick={[Function]}
          onContextMenu={[Function]}
          onMouseDown={[Function]}
          src="board_blank_unclicked.png"
        />
      </div>
      <div
        className="cell"
      >
        <img
          alt="pic"
          className="minesweeperimg"
          onClick={[Function]}
          onContextMenu={[Function]}
          onMouseDown={[Function]}
          src="board_blank_unclicked.png"
        />
      </div>
      <div
        className="cell"
      >
        <img
          alt="pic"
          className="minesweeperimg"
          onClick={[Function]}
          onContextMenu={[Function]}
          onMouseDown={[Function]}
          src="board_blank_unclicked.png"
        />
      </div>
      <div
        className="cell"
      >
        <img
          alt="pic"
          className="minesweeperimg"
          onClick={[Function]}
          onContextMenu={[Function]}
          onMouseDown={[Function]}
          src="board_blank_unclicked.png"
        />
      </div>
      <div
        className="cell"
      >
        <img
          alt="pic"
          className="minesweeperimg"
          onClick={[Function]}
          onContextMenu={[Function]}
          onMouseDown={[Function]}
          src="board_blank_unclicked.png"
        />
      </div>
      <div
        className="cell"
      >
        <img
          alt="pic"
          className="minesweeperimg"
          onClick={[Function]}
          onContextMenu={[Function]}
          onMouseDown={[Function]}
          src="board_blank_unclicked.png"
        />
      </div>
      <div
        className="cell"
      >
        <img
          alt="pic"
          className="minesweeperimg"
          onClick={[Function]}
          onContextMenu={[Function]}
          onMouseDown={[Function]}
          src="board_blank_unclicked.png"
        />
      </div>
      <div
        className="cell"
      >
        <img
          alt="pic"
          className="minesweeperimg"
          onClick={[Function]}
          onContextMenu={[Function]}
          onMouseDown={[Function]}
          src="board_blank_unclicked.png"
        />
      </div>
      <div
        className="cell"
      >
        <img
          alt="pic"
          className="minesweeperimg"
          onClick={[Function]}
          onContextMenu={[Function]}
          onMouseDown={[Function]}
          src="board_blank_unclicked.png"
        />
      </div>
      <div
        className="cell"
      >
        <img
          alt="pic"
          className="minesweeperimg"
          onClick={[Function]}
          onContextMenu={[Function]}
          onMouseDown={[Function]}
          src="board_blank_unclicked.png"
        />
      </div>
    </div>
  </div>
  <button
    className="resetButton"
    onClick={[Function]}
  >
    ResetGame
  </button>
</div>
`;
